app/admin/offline-bill/page.tsx(243,25): error TS18046: 'error' is of type 'unknown'.
app/admin/offline-bill/page.tsx(271,46): error TS7006: Parameter 'res' implicitly has an 'any' type.
app/admin/offline-bill/page.tsx(289,41): error TS18046: 'err' is of type 'unknown'.
app/admin/offline-bill/page.tsx(315,29): error TS18046: 'err' is of type 'unknown'.
